Executing action: all (aliases: build)
Running ninja in directory /home/krzycho/Projekty/water-gateway/build
Executing "ninja all"...
[1/37] Building CXX object esp-idf/metrics_service/CMakeFiles/__idf_metrics_service.dir/src/metrics_service.cpp.obj
[2/37] Linking C static library esp-idf/metrics_service/libmetrics_service.a
[3/37] Building CXX object esp-idf/board_config/CMakeFiles/__idf_board_config.dir/src/board_config.cpp.obj
[4/37] Building CXX object esp-idf/radio_cc1101/CMakeFiles/__idf_radio_cc1101.dir/src/cc1101_irq.cpp.obj
[5/37] Building CXX object esp-idf/radio_cc1101/CMakeFiles/__idf_radio_cc1101.dir/src/cc1101_device.cpp.obj
[6/37] Building CXX object esp-idf/radio_cc1101/CMakeFiles/__idf_radio_cc1101.dir/src/cc1101_hal.cpp.obj
[7/37] Building CXX object esp-idf/radio_cc1101/CMakeFiles/__idf_radio_cc1101.dir/src/radio_cc1101.cpp.obj
[8/37] Linking C static library esp-idf/radio_cc1101/libradio_cc1101.a
[9/37] Linking C static library esp-idf/board_config/libboard_config.a
[10/37] Building CXX object esp-idf/radio_state_machine/CMakeFiles/__idf_radio_state_machine.dir/src/radio_state_machine.cpp.obj
[11/37] Linking C static library esp-idf/radio_state_machine/libradio_state_machine.a
[12/37] Performing build step for 'bootloader'
[1/1] cd /home/krzycho/Projekty/water-gateway/build/bootloader/esp-idf/esptool_py && /home/krzycho/.espressif/python_env/idf5.5_py3.14_env/bin/python /home/krzycho/.espressif/v5.5.4/esp-idf/components/partition_table/check_sizes.py --offset 0x8000 bootloader 0x1000 /home/krzycho/Projekty/water-gateway/build/bootloader/bootloader.bin
Bootloader binary size 0x5e40 bytes. 0x11c0 bytes (16%) free.
[13/37] No install step for 'bootloader'
[14/37] Completed 'bootloader'
[15/37] cd /home/krzycho/Projekty/water-gateway/build && /home/krzycho/.espressif/python_env/idf5.5_py3.14_env/bin/python /home/krzycho/.espressif/v5.5.4/esp-idf/components/spiffs/spiffsgen.py 0xe0000 /home/krzycho/Projekty/water-gateway/web /home/krzycho/Projekty/water-gateway/build/storage.bin --page-size=256 --obj-name-len=32 --meta-len=4 --use-magic --use-magic-len
[16/37] Building CXX object esp-idf/api_handlers/CMakeFiles/__idf_api_handlers.dir/src/config_handlers.cpp.obj
[17/37] Building CXX object esp-idf/app_core/CMakeFiles/__idf_app_core.dir/src/app_core.cpp.obj
[18/37] Building CXX object esp-idf/support_bundle_service/CMakeFiles/__idf_support_bundle_service.dir/src/support_bundle_service.cpp.obj
[19/37] Building CXX object esp-idf/diagnostics_service/CMakeFiles/__idf_diagnostics_service.dir/src/diagnostics_service.cpp.obj
[20/37] Building CXX object esp-idf/api_handlers/CMakeFiles/__idf_api_handlers.dir/src/auth_handlers.cpp.obj
[21/37] Linking C static library esp-idf/diagnostics_service/libdiagnostics_service.a
[22/37] Building CXX object esp-idf/api_handlers/CMakeFiles/__idf_api_handlers.dir/src/meter_handlers.cpp.obj
[23/37] Building CXX object esp-idf/api_handlers/CMakeFiles/__idf_api_handlers.dir/src/api_handlers_common.cpp.obj
[24/37] Building CXX object esp-idf/api_handlers/CMakeFiles/__idf_api_handlers.dir/src/ota_handlers.cpp.obj
[25/37] Building CXX object esp-idf/app_core/CMakeFiles/__idf_app_core.dir/src/runtime_tasks.cpp.obj
[26/37] Building CXX object esp-idf/api_handlers/CMakeFiles/__idf_api_handlers.dir/src/radio_handlers.cpp.obj
[27/37] Building CXX object esp-idf/api_handlers/CMakeFiles/__idf_api_handlers.dir/src/system_handlers.cpp.obj
[28/37] Building CXX object esp-idf/api_handlers/CMakeFiles/__idf_api_handlers.dir/src/status_handlers.cpp.obj
[29/37] Building CXX object esp-idf/meter_registry/CMakeFiles/__idf_meter_registry.dir/src/meter_registry.cpp.obj
[30/37] Linking C static library esp-idf/meter_registry/libmeter_registry.a
[31/37] Linking C static library esp-idf/support_bundle_service/libsupport_bundle_service.a
[32/37] Linking C static library esp-idf/api_handlers/libapi_handlers.a
[33/37] Linking C static library esp-idf/app_core/libapp_core.a
[34/37] Generating esp-idf/esp_system/ld/sections.ld
[35/37] Linking CXX executable water_gateway.elf
[36/37] Generating binary image from built executable
esptool.py v4.12.dev1
Creating esp32 image...
Merged 2 ELF sections
Successfully created esp32 image.
Generated /home/krzycho/Projekty/water-gateway/build/water_gateway.bin
[37/37] cd /home/krzycho/Projekty/water-gateway/build/esp-idf/esptool_py && /home/krzycho/.espressif/python_env/idf5.5_py3.14_env/bin/python /home/krzycho/.espressif/v5.5.4/esp-idf/components/partition_table/check_sizes.py --offset 0x8000 partition --type app /home/krzycho/Projekty/water-gateway/build/partition_table/partition-table.bin /home/krzycho/Projekty/water-gateway/build/water_gateway.bin
water_gateway.bin binary size 0x1576e0 bytes. Smallest app partition is 0x180000 bytes. 0x28920 bytes (11%) free.

Project build complete. To flash, run:
 idf.py flash
or
 idf.py -p PORT flash
or
 python -m esptool --chip esp32 -b 460800 --before default_reset --after hard_reset write_flash --flash_mode dio --flash_size 4MB --flash_freq 40m 0x1000 build/bootloader/bootloader.bin 0x8000 build/partition_table/partition-table.bin 0xf000 build/ota_data_initial.bin 0x20000 build/water_gateway.bin 0x320000 build/storage.bin
or from the "/home/krzycho/Projekty/water-gateway/build" directory
 python -m esptool --chip esp32 -b 460800 --before default_reset --after hard_reset write_flash "@flash_args"
